[portal.unaab.edu.ng/Login.html]
[backblue.gif]
[fade.gif]
[index.html]
[portal.unaab.edu.ng/style.css]
[portal.unaab.edu.ng/style.responsive.css]
[portal.unaab.edu.ng/jquery.js]
[portal.unaab.edu.ng/script.js]
[portal.unaab.edu.ng/script.responsive.js]
[portal.unaab.edu.ng/Default.html]
[portal.unaab.edu.ng/Login6ff5.html]
[portal.unaab.edu.ng/Logind8bf.html]
[portal.unaab.edu.ng/Logind404.html]
[portal.unaab.edu.ng/images/new1.gif]
[portal.unaab.edu.ng/WebResource09e8.js]
[portal.unaab.edu.ng/Scripts/jquery-1.7.1.min.js]
[portal.unaab.edu.ng/WebResourcee47c.js]
[portal.unaab.edu.ng/ResetPassword.html]
[portal.unaab.edu.ng/Secure/checkBiodatastatus.html]
[portal.unaab.edu.ng/Login.html]
[portal.unaab.edu.ng/images/page.jpg]
[portal.unaab.edu.ng/images/object113233693.png]
[portal.unaab.edu.ng/images/header.png]
[portal.unaab.edu.ng/images/menuseparator.png]
[portal.unaab.edu.ng/images/spacer.gif]
[portal.unaab.edu.ng/images/blockbullets.png]
[portal.unaab.edu.ng/images/searchicon.png]
[portal.unaab.edu.ng/images/postdateicon.png]
[portal.unaab.edu.ng/images/postauthoricon.png]
[portal.unaab.edu.ng/images/postpdficon.png]
[portal.unaab.edu.ng/images/postprinticon.png]
[portal.unaab.edu.ng/images/postemailicon.png]
[portal.unaab.edu.ng/images/postediticon.png]
[portal.unaab.edu.ng/images/postbullets.png]
[portal.unaab.edu.ng/images/postquote.png]
[portal.unaab.edu.ng/images/postcategoryicon.png]
[portal.unaab.edu.ng/images/posttagicon.png]
[portal.unaab.edu.ng/images/postcommentsicon.png]
[portal.unaab.edu.ng/images/footerrssicon.png]
[portal.unaab.edu.ng/images/footerfacebookicon.png]
[portal.unaab.edu.ng/images/footertwittericon.png]
[portal.unaab.edu.ng/images/footerbullets.png]
[portal.unaab.edu.ng/images/preloader-01.gif]
[portal.unaab.edu.ng/style.css]
[portal.unaab.edu.ng/style.responsive.css]
[portal.unaab.edu.ng/home.css]
[maxcdn.bootstrapcdn.com/bootstrap/3.3.7/css/bootstrap.min.css]
[ajax.googleapis.com/ajax/libs/jquery/3.3.1/jquery.min.js]
[maxcdn.bootstrapcdn.com/bootstrap/3.3.7/js/bootstrap.min.js]
[portal.unaab.edu.ng/Secure/PrintReceipt.html]
[portal.unaab.edu.ng/images/form3.png]
[portal.unaab.edu.ng/Secure/CompleteMatriculationOath.html]
[portal.unaab.edu.ng/Secure/CounsellingForm.html]
[portal.unaab.edu.ng/images/print.png]
[portal.unaab.edu.ng/images/getMail.png]
[portal.unaab.edu.ng/images/courses.png]
[portal.unaab.edu.ng/Loginaace.html]
[portal.unaab.edu.ng/Loginacca.html]
[portal.unaab.edu.ng/images/rectification.png]
[portal.unaab.edu.ng/Login2231.html]
[portal.unaab.edu.ng/images/correction.png]
[portal.unaab.edu.ng/Login42a2.html]
[portal.unaab.edu.ng/images/changeofcourse.png]
[portal.unaab.edu.ng/images/invoice.png]
[portal.unaab.edu.ng/images/forum.png]
[portal.unaab.edu.ng/images/reset3.png]
[portal.unaab.edu.ng/images/receipt.png]
[portal.unaab.edu.ng/images/accomodation2.png]
[portal.unaab.edu.ng/images/loginScreen.png]
[portal.unaab.edu.ng/images/form.png]
[portal.unaab.edu.ng/images/mails.png]
[portal.unaab.edu.ng/images/coursenotes.png]
[portal.unaab.edu.ng/images/eresources.png]
[portal.unaab.edu.ng/images/interact.png]
[portal.unaab.edu.ng/Default.html]
[portal.unaab.edu.ng/Login6ff5.html]
[portal.unaab.edu.ng/Logind8bf.html]
[portal.unaab.edu.ng/Logind404.html]
[portal.unaab.edu.ng/WebResource09e8.js]
[portal.unaab.edu.ng/WebResourcee47c.js]
[portal.unaab.edu.ng/ResetPassword.html]
[portal.unaab.edu.ng/Secure/checkBiodatastatus.html]
[portal.unaab.edu.ng/images2/info.html]
[portal.unaab.edu.ng/images2/success.html]
[portal.unaab.edu.ng/warning.html]
[portal.unaab.edu.ng/images2/error.html]
[portal.unaab.edu.ng/validation.html]
[portal.unaab.edu.ng/index.html]
[portal.unaab.edu.ng/Images/notice.png]
[portal.unaab.edu.ng/home.css]
[maxcdn.bootstrapcdn.com/bootstrap/3.3.7/css/bootstrap.min.css]
[portal.unaab.edu.ng/Secure/PrintReceipt.html]
[portal.unaab.edu.ng/Secure/CompleteMatriculationOath.html]
[portal.unaab.edu.ng/Secure/CounsellingForm.html]
[portal.unaab.edu.ng/Loginaace.html]
[portal.unaab.edu.ng/Loginacca.html]
[portal.unaab.edu.ng/Login2231.html]
[portal.unaab.edu.ng/Login42a2.html]
[portal.unaab.edu.ng/forum.html]
[portal.unaab.edu.ng/pt/index.html]
[portal.unaab.edu.ng/index.html]
[portal.unaab.edu.ng/POST.html]
[portal.unaab.edu.ng/funaabgate.html]
[portal.unaab.edu.ng/Images/error.html]
[portal.unaab.edu.ng/Images/success.html]
[portal.unaab.edu.ng/Images/warning.html]
[portal.unaab.edu.ng/Secure/AdmisionStatus.aspx]
[portal.unaab.edu.ng/Secure/AdmisionStatus.aspx]
